Slowly 11252
Doctor 11127
Everybody 11107
Though 11071
Toward 11069
Field 11043
Good-by 11043
Example 11024
Ninth 11024
Picnic 11022
Writing 11018
Board 11015
Prize 11013
Couldnt 11012
Since 11001
Caught 10994
Tried 10993
Radio 10992
Remember 10991
Until 10990
Country 10981
Police 10979
Eighth 10977
Cities 10973
Scare 10973
Return 10970
Excuse 10962
Together 10961
Dollar 10952
Village 10952
Enough 10948
Carried 10937
Swimming 10936
Ocean 10934
Wear 10931
Build 10925
Well 10922
Following 10919
Wouldnt 10919
During 10917
Against 10911
Young 10910
Truly 10909
Visit 10906
Quite 10903
Answer 10897
Whose 10897
Happened 10896
Building 10890
Clothes 10888
Yell 10886
Office 10885
Second 10884
Laugh 10883
Pencil 10881
Broken 10879
Across 10875
Idea 10873
Between 10871
Enjoy 10871
Group 10869
Sudden 10866
Held 10864
Known 10864
Women 10864
Student 10863
Harden 10855
Doesnt 10854
Sure 10852
Hospital 10851
Whole 10848
Captain 10840
Heavy 10838
Tomorrow 10838
Saturday 10834
Tired 10832
Mountain 10828
Raise 10828
Pretty 10826
Wrote 10826
Company 10824
Written 10822
Suit 10815
Built 10811
Stories 10811
Else 10807
Charge 10800
Peanut 10797
Bottom 10793
Trouble 10789
Turtle 10779
Chicken 10775
Fifth 10770
Havent 10768
Reason 10767
Really 10764
Circus 10754
Parent 10750
Except 10747
Minute 10746
Discover 10744
Finish 10742
Awhile 10722
Breakfast 10720
Threw 10705
Middle 10689
Instead 10637
A 1
B 1
C 1
F 1
X 1
Y 1
